// Vitest Snapshot v1, https://vitest.dev/guide/snapshot.html

exports[`LeaderboardTable snapshots > matches snapshot for RVCC leaderboard on a weekday (no status column) 1`] = `
<div>
  <div
    class="leaderboard-wrapper"
  >
    <div
      class="leaderboard-meta"
    >
      <span
        class="last-updated"
      >
        Last scored: 
        Apr 10, 10:30 AM
      </span>
    </div>
    <div
      class="leaderboard-scroll"
    >
      <table
        class="leaderboard-table"
        data-testid="leaderboard-table"
      >
        <thead>
          <tr>
            <th
              class="col-pos"
            >
              Pos
            </th>
            <th
              class="col-entry"
            >
              Entry
            </th>
            <th
              class="col-total"
            >
              Total
            </th>
            <th
              class="col-golfer"
            >
              Golfer 1
            </th>
            <th
              class="col-golfer"
            >
              Golfer 2
            </th>
            <th
              class="col-golfer"
            >
              Golfer 3
            </th>
            <th
              class="col-golfer"
            >
              Golfer 4
            </th>
            <th
              class="col-golfer"
            >
              Golfer 5
            </th>
            <th
              class="col-golfer"
            >
              Golfer 6
            </th>
            <th
              class="col-golfer"
            >
              Golfer 7
            </th>
          </tr>
        </thead>
        <tbody>
          <tr
            class="entry-qualified"
          >
            <td
              class="col-pos"
            >
              1
            </td>
            <td
              class="col-entry"
            >
              <a
                data-discover="true"
                href="/leaderboard/entry/1"
              >
                John Smith
              </a>
            </td>
            <td
              class="col-total"
            >
              -15
            </td>
            <td
              class="golfer-cell golfer-counted"
              data-testid="golfer-cell-18417"
            >
              <div
                class="golfer-cell-inner"
              >
                <div
                  class="golfer-info"
                >
                  <span
                    class="golfer-name"
                  >
                    Scottie Scheffler
                  </span>
                  <span
                    class="golfer-thru"
                  >
                    Thru 
                    F
                  </span>
                </div>
                <span
                  class="golfer-total"
                >
                  -5
                </span>
              </div>
            </td>
            <td
              class="golfer-cell golfer-counted"
              data-testid="golfer-cell-28237"
            >
              <div
                class="golfer-cell-inner"
              >
                <div
                  class="golfer-info"
                >
                  <span
                    class="golfer-name"
                  >
                    Rory McIlroy
                  </span>
                  <span
                    class="golfer-thru"
                  >
                    Thru 
                    F
                  </span>
                </div>
                <span
                  class="golfer-total"
                >
                  -4
                </span>
              </div>
            </td>
            <td
              class="golfer-cell golfer-counted"
              data-testid="golfer-cell-31560"
            >
              <div
                class="golfer-cell-inner"
              >
                <div
                  class="golfer-info"
                >
                  <span
                    class="golfer-name"
                  >
                    Collin Morikawa
                  </span>
                  <span
                    class="golfer-thru"
                  >
                    Thru 
                    F
                  </span>
                </div>
                <span
                  class="golfer-total"
                >
                  -3
                </span>
              </div>
            </td>
            <td
              class="golfer-cell golfer-counted"
              data-testid="golfer-cell-30925"
            >
              <div
                class="golfer-cell-inner"
              >
                <div
                  class="golfer-info"
                >
                  <span
                    class="golfer-name"
                  >
                    Wyndham Clark
                  </span>
                  <span
                    class="golfer-thru"
                  >
                    Thru 
                    F
                  </span>
                </div>
                <span
                  class="golfer-total"
                >
                  -2
                </span>
              </div>
            </td>
            <td
              class="golfer-cell golfer-counted"
              data-testid="golfer-cell-14937"
            >
              <div
                class="golfer-cell-inner"
              >
                <div
                  class="golfer-info"
                >
                  <span
                    class="golfer-name"
                  >
                    Brooks Koepka
                  </span>
                  <span
                    class="golfer-thru"
                  >
                    Thru 
                    F
                  </span>
                </div>
                <span
                  class="golfer-total"
                >
                  -1
                </span>
              </div>
            </td>
            <td
              class="golfer-cell golfer-not-counted golfer-dropped"
              data-testid="golfer-cell-26302"
            >
              <div
                class="golfer-cell-inner"
              >
                <div
                  class="golfer-info"
                >
                  <span
                    class="golfer-name"
                  >
                    Tommy Fleetwood
                  </span>
                  <span
                    class="golfer-thru"
                  >
                    Thru 
                    F
                  </span>
                </div>
                <span
                  class="golfer-total"
                >
                  +2
                </span>
              </div>
            </td>
            <td
              class="golfer-cell golfer-not-counted golfer-inactive golfer-cut"
              data-testid="golfer-cell-13958"
            >
              <div
                class="golfer-cell-inner"
              >
                <div
                  class="golfer-info"
                >
                  <span
                    class="golfer-name golfer-name--strikethrough"
                  >
                    Hideki Matsuyama
                  </span>
                  <span
                    class="golfer-thru"
                  >
                    CUT
                  </span>
                </div>
                <span
                  class="golfer-total"
                >
                  -
                </span>
              </div>
            </td>
          </tr>
          <tr
            class="entry-qualified"
          >
            <td
              class="col-pos"
            >
              2
            </td>
            <td
              class="col-entry"
            >
              <a
                data-discover="true"
                href="/leaderboard/entry/2"
              >
                Jane Doe
              </a>
            </td>
            <td
              class="col-total"
            >
              -10
            </td>
            <td
              class="golfer-cell golfer-counted"
              data-testid="golfer-cell-27349"
            >
              <div
                class="golfer-cell-inner"
              >
                <div
                  class="golfer-info"
                >
                  <span
                    class="golfer-name"
                  >
                    Xander Schauffele
                  </span>
                  <span
                    class="golfer-thru"
                  >
                    Thru 
                    F
                  </span>
                </div>
                <span
                  class="golfer-total"
                >
                  -4
                </span>
              </div>
            </td>
            <td
              class="golfer-cell golfer-counted"
              data-testid="golfer-cell-21209"
            >
              <div
                class="golfer-cell-inner"
              >
                <div
                  class="golfer-info"
                >
                  <span
                    class="golfer-name"
                  >
                    Jon Rahm
                  </span>
                  <span
                    class="golfer-thru"
                  >
                    Thru 
                    F
                  </span>
                </div>
                <span
                  class="golfer-total"
                >
                  -3
                </span>
              </div>
            </td>
            <td
              class="golfer-cell golfer-counted"
              data-testid="golfer-cell-52955"
            >
              <div
                class="golfer-cell-inner"
              >
                <div
                  class="golfer-info"
                >
                  <span
                    class="golfer-name"
                  >
                    Ludvig Aberg
                  </span>
                  <span
                    class="golfer-thru"
                  >
                    Thru 
                    F
                  </span>
                </div>
                <span
                  class="golfer-total"
                >
                  -2
                </span>
              </div>
            </td>
            <td
              class="golfer-cell golfer-counted"
              data-testid="golfer-cell-38818"
            >
              <div
                class="golfer-cell-inner"
              >
                <div
                  class="golfer-info"
                >
                  <span
                    class="golfer-name"
                  >
                    Viktor Hovland
                  </span>
                  <span
                    class="golfer-thru"
                  >
                    Thru 
                    F
                  </span>
                </div>
                <span
                  class="golfer-total"
                >
                  -1
                </span>
              </div>
            </td>
            <td
              class="golfer-cell golfer-counted"
              data-testid="golfer-cell-30911"
            >
              <div
                class="golfer-cell-inner"
              >
                <div
                  class="golfer-info"
                >
                  <span
                    class="golfer-name"
                  >
                    Patrick Cantlay
                  </span>
                  <span
                    class="golfer-thru"
                  >
                    Thru 
                    F
                  </span>
                </div>
                <span
                  class="golfer-total"
                >
                  E
                </span>
              </div>
            </td>
            <td
              class="golfer-cell golfer-not-counted golfer-dropped"
              data-testid="golfer-cell-25580"
            >
              <div
                class="golfer-cell-inner"
              >
                <div
                  class="golfer-info"
                >
                  <span
                    class="golfer-name"
                  >
                    Shane Lowry
                  </span>
                  <span
                    class="golfer-thru"
                  >
                    Thru 
                    F
                  </span>
                </div>
                <span
                  class="golfer-total"
                >
                  +1
                </span>
              </div>
            </td>
            <td
              class="golfer-cell golfer-not-counted golfer-inactive"
              data-testid="golfer-cell-35533"
            >
              <div
                class="golfer-cell-inner"
              >
                <div
                  class="golfer-info"
                >
                  <span
                    class="golfer-name"
                  >
                    Sahith Theegala
                  </span>
                  <span
                    class="status-pill status-pill--wd"
                  >
                    WD
                  </span>
                </div>
                <span
                  class="golfer-total"
                >
                  -
                </span>
              </div>
            </td>
          </tr>
          <tr
            class="entry-not-qualified"
          >
            <td
              class="col-pos"
            >
              -
            </td>
            <td
              class="col-entry"
            >
              <a
                data-discover="true"
                href="/leaderboard/entry/3"
              >
                Bob Wilson
              </a>
            </td>
            <td
              class="col-total"
            >
              -
            </td>
            <td
              class="golfer-cell golfer-counted"
              data-testid="golfer-cell-14256"
            >
              <div
                class="golfer-cell-inner"
              >
                <div
                  class="golfer-info"
                >
                  <span
                    class="golfer-name"
                  >
                    Tony Finau
                  </span>
                  <span
                    class="golfer-thru"
                  >
                    Thru 
                    F
                  </span>
                </div>
                <span
                  class="golfer-total"
                >
                  +1
                </span>
              </div>
            </td>
            <td
              class="golfer-cell golfer-counted"
              data-testid="golfer-cell-33948"
            >
              <div
                class="golfer-cell-inner"
              >
                <div
                  class="golfer-info"
                >
                  <span
                    class="golfer-name"
                  >
                    Matt Fitzpatrick
                  </span>
                  <span
                    class="golfer-thru"
                  >
                    Thru 
                    F
                  </span>
                </div>
                <span
                  class="golfer-total"
                >
                  +3
                </span>
              </div>
            </td>
            <td
              class="golfer-cell golfer-counted"
              data-testid="golfer-cell-25396"
            >
              <div
                class="golfer-cell-inner"
              >
                <div
                  class="golfer-info"
                >
                  <span
                    class="golfer-name"
                  >
                    Russell Henley
                  </span>
                  <span
                    class="golfer-thru"
                  >
                    Thru 
                    F
                  </span>
                </div>
                <span
                  class="golfer-total"
                >
                  +5
                </span>
              </div>
            </td>
            <td
              class="golfer-cell golfer-not-counted golfer-inactive golfer-cut"
              data-testid="golfer-cell-11469"
            >
              <div
                class="golfer-cell-inner"
              >
                <div
                  class="golfer-info"
                >
                  <span
                    class="golfer-name golfer-name--strikethrough"
                  >
                    Brian Harman
                  </span>
                  <span
                    class="golfer-thru"
                  >
                    CUT
                  </span>
                </div>
                <span
                  class="golfer-total"
                >
                  -
                </span>
              </div>
            </td>
            <td
              class="golfer-cell golfer-not-counted golfer-inactive golfer-cut"
              data-testid="golfer-cell-11217"
            >
              <div
                class="golfer-cell-inner"
              >
                <div
                  class="golfer-info"
                >
                  <span
                    class="golfer-name golfer-name--strikethrough"
                  >
                    Keegan Bradley
                  </span>
                  <span
                    class="golfer-thru"
                  >
                    CUT
                  </span>
                </div>
                <span
                  class="golfer-total"
                >
                  -
                </span>
              </div>
            </td>
            <td
              class="golfer-cell golfer-not-counted golfer-inactive golfer-cut"
              data-testid="golfer-cell-48081"
            >
              <div
                class="golfer-cell-inner"
              >
                <div
                  class="golfer-info"
                >
                  <span
                    class="golfer-name golfer-name--strikethrough"
                  >
                    Min Woo Lee
                  </span>
                  <span
                    class="golfer-thru"
                  >
                    CUT
                  </span>
                </div>
                <span
                  class="golfer-total"
                >
                  -
                </span>
              </div>
            </td>
            <td
              class="golfer-cell golfer-not-counted golfer-inactive golfer-cut"
              data-testid="golfer-cell-35450"
            >
              <div
                class="golfer-cell-inner"
              >
                <div
                  class="golfer-info"
                >
                  <span
                    class="golfer-name golfer-name--strikethrough"
                  >
                    Sungjae Im
                  </span>
                  <span
                    class="golfer-thru"
                  >
                    CUT
                  </span>
                </div>
                <span
                  class="golfer-total"
                >
                  -
                </span>
              </div>
            </td>
          </tr>
        </tbody>
      </table>
    </div>
  </div>
</div>
`;

exports[`LeaderboardTable snapshots > matches snapshot for empty leaderboard state 1`] = `
<div>
  <div
    class="empty-state"
  >
    <h3>
      No entries yet
    </h3>
    <p>
      The leaderboard will populate once entries are submitted.
    </p>
  </div>
</div>
`;
